******************************************************************************
                  TI ARM Linker PC v20.2.7                     
******************************************************************************
>> Linked Tue Dec 24 14:28:23 2024

OUTPUT FILE NAME:   <Project_final.out>
ENTRY POINT SYMBOL: "_c_int00_noargs"  address: 00001899


MEMORY CONFIGURATION

         name            origin    length      used     unused   attr    fill
----------------------  --------  ---------  --------  --------  ----  --------
  FLASH                 00000000   00040000  0000193e  0003e6c2  R  X
  SRAM                  20000000   00008000  00000205  00007dfb  RW X


SEGMENT ALLOCATION MAP

run origin  load origin   length   init length attrs members
----------  ----------- ---------- ----------- ----- -------
00000000    00000000    00001940   00001940    r-x
  00000000    00000000    0000026c   0000026c    r-- .intvecs
  0000026c    0000026c    000016ba   000016ba    r-x .text
  00001928    00001928    00000018   00000018    r-- .cinit
20000000    20000000    00000205   00000000    rw-
  20000000    20000000    00000200   00000000    rw- .stack
  20000200    20000200    00000005   00000000    rw- .data


SECTION ALLOCATION MAP

 output                                  attributes/
section   page    origin      length       input sections
--------  ----  ----------  ----------   ----------------
.intvecs   0    00000000    0000026c     
                  00000000    0000026c     tm4c123gh6pm_startup_ccs.obj (.intvecs)

.text      0    0000026c    000016ba     
                  0000026c    0000040c     EEPROM.obj (.text)
                  00000678    0000040c     main.obj (.text)
                  00000a84    000003c8     LCD_lib.obj (.text)
                  00000e4c    0000022c     ultara.obj (.text)
                  00001078    00000158     UART.obj (.text)
                  000011d0    0000013c     pushbutton_lib.obj (.text)
                  0000130c    00000136     rtsv7M4_T_le_v4SPD16_eabi.lib : fd_div_t2.asm.obj (.text)
                  00001442    00000002     --HOLE-- [fill = 0]
                  00001444    00000128     temperature.obj (.text)
                  0000156c    000000fc     rtsv7M4_T_le_v4SPD16_eabi.lib : fd_mul_t2.asm.obj (.text)
                  00001668    0000009c                                   : memcpy_t2.asm.obj (.text)
                  00001704    0000006e                                   : fd_tos_t2.asm.obj (.text)
                  00001772    00000068                                   : copy_decompress_lzss.c.obj (.text:decompress:lzss:__TI_decompress_lzss)
                  000017da    00000002     --HOLE-- [fill = 0]
                  000017dc    00000044                                   : autoinit.c.obj (.text:__TI_auto_init_nobinit_nopinit:__TI_auto_init_nobinit_nopinit)
                  00001820    00000040     delay.obj (.text)
                  00001860    00000038     rtsv7M4_T_le_v4SPD16_eabi.lib : fs_tod_t2.asm.obj (.text)
                  00001898    00000034                                   : boot_cortex_m.c.obj (.text:_c_int00_noargs:_c_int00_noargs)
                  000018cc    00000020                                   : u_tofd_t2.asm.obj (.text)
                  000018ec    00000018                                   : ll_mul_t2.asm.obj (.text)
                  00001904    0000000e                                   : copy_decompress_none.c.obj (.text:decompress:none:__TI_decompress_none)
                  00001912    0000000c     tm4c123gh6pm_startup_ccs.obj (.text)
                  0000191e    00000004     rtsv7M4_T_le_v4SPD16_eabi.lib : pre_init.c.obj (.text:_system_pre_init)
                  00001922    00000004                                   : exit.c.obj (.text:abort:abort)

.cinit     0    00001928    00000018     
                  00001928    00000008     (__TI_handler_table)
                  00001930    00000007     (.cinit..data.load) [load image, compression = lzss]
                  00001937    00000001     --HOLE-- [fill = 0]
                  00001938    00000008     (__TI_cinit_table)

.init_array 
*          0    00000000    00000000     UNINITIALIZED

.data      0    20000200    00000005     UNINITIALIZED
                  20000200    00000005     ultara.obj (.data)

.stack     0    20000000    00000200     UNINITIALIZED
                  20000000    00000004     rtsv7M4_T_le_v4SPD16_eabi.lib : boot_cortex_m.c.obj (.stack)
                  20000004    000001fc     --HOLE--

__llvm_prf_cnts 
*          0    20000000    00000000     UNINITIALIZED

MODULE SUMMARY

       Module                         code   ro data   rw data
       ------                         ----   -------   -------
    .\
       EEPROM.obj                     1036   0         0      
       main.obj                       1036   0         0      
       LCD_lib.obj                    968    0         0      
       tm4c123gh6pm_startup_ccs.obj   12     620       0      
       ultara.obj                     556    0         5      
       UART.obj                       344    0         0      
       pushbutton_lib.obj             316    0         0      
       temperature.obj                296    0         0      
       delay.obj                      64     0         0      
    +--+------------------------------+------+---------+---------+
       Total:                         4628   620       5      
                                                              
    C:\ti\ccs1281\ccs\tools\compiler\ti-cgt-arm_20.2.7.LTS\lib\rtsv7M4_T_le_v4SPD16_eabi.lib
       fd_div_t2.asm.obj              310    0         0      
       fd_mul_t2.asm.obj              252    0         0      
       memcpy_t2.asm.obj              156    0         0      
       fd_tos_t2.asm.obj              110    0         0      
       copy_decompress_lzss.c.obj     104    0         0      
       autoinit.c.obj                 68     0         0      
       fs_tod_t2.asm.obj              56     0         0      
       boot_cortex_m.c.obj            52     0         0      
       u_tofd_t2.asm.obj              32     0         0      
       ll_mul_t2.asm.obj              24     0         0      
       copy_decompress_none.c.obj     14     0         0      
       exit.c.obj                     4      0         0      
       pre_init.c.obj                 4      0         0      
    +--+------------------------------+------+---------+---------+
       Total:                         1186   0         0      
                                                              
       Stack:                         0      0         512    
       Linker Generated:              0      23        0      
    +--+------------------------------+------+---------+---------+
       Grand Total:                   5814   643       517    


LINKER GENERATED COPY TABLES

__TI_cinit_table @ 00001938 records: 1, size/record: 8, table size: 8
	.data: load addr=00001930, load size=00000007 bytes, run addr=20000200, run size=00000005 bytes, compression=lzss


LINKER GENERATED HANDLER TABLE

__TI_handler_table @ 00001928 records: 2, size/record: 4, table size: 8
	index: 0, handler: __TI_decompress_lzss
	index: 1, handler: __TI_decompress_none


GLOBAL SYMBOLS: SORTED ALPHABETICALLY BY Name 

address   name                          
-------   ----                          
00001479  ADC0_Init                     
000014d1  ADC0_ReadSeq3                 
00001923  C$$EXIT                       
00001821  Delay_MS                      
00000e4d  Delay_US                      
00000315  EEPROM_ReadByte               
000003bb  EEPROM_ReadString             
00000519  EEPROM_Retrieve               
0000033f  EEPROM_WriteByte              
000002ed  EEPROM_WriteInt               
00000385  EEPROM_WriteString            
0000026d  EEPROM_init                   
000002d1  EEPROM_readInt                
000003f5  ERROR_LOG                     
00000f0d  GPIOPortE_Handler             
00001445  GPIO_SetupPE2AnalogPin        
00001509  GetTemperature                
00000fab  HCSR04_GetDistance            
00000ea7  HCSR04_Init                   
00000f7d  HCSR04_TriggerPulse           
00001913  ResetISR                      
00000e87  SysTick_Init                  
000010cf  UART0_Init                    
00001151  UART0_ReceiveByte             
00001119  UART0_SendByte                
00001135  UART0_SendString              
20000200  __STACK_END                   
00000200  __STACK_SIZE                  
20000200  __STACK_TOP                   
00001938  __TI_CINIT_Base               
00001940  __TI_CINIT_Limit              
00001928  __TI_Handler_Table_Base       
00001930  __TI_Handler_Table_Limit      
000017dd  __TI_auto_init_nobinit_nopinit
00001773  __TI_decompress_lzss          
00001905  __TI_decompress_none          
ffffffff  __TI_pprof_out_hndl           
ffffffff  __TI_prof_data_size           
ffffffff  __TI_prof_data_start          
00000000  __TI_static_base__            
00001705  __aeabi_d2f                   
0000130d  __aeabi_ddiv                  
0000156d  __aeabi_dmul                  
00001861  __aeabi_f2d                   
000018ed  __aeabi_lmul                  
00001669  __aeabi_memcpy                
00001669  __aeabi_memcpy4               
00001669  __aeabi_memcpy8               
000018cd  __aeabi_ui2d                  
ffffffff  __binit__                     
ffffffff  __c_args__                    
UNDEFED   __mpu_init                    
20000000  __stack                       
20000000  __start___llvm_prf_cnts       
20000000  __stop___llvm_prf_cnts        
00001899  _c_int00_noargs               
UNDEFED   _system_post_cinit            
0000191f  _system_pre_init              
00001923  abort                         
ffffffff  binit                         
20000204  edgeCount                     
00000cfd  ftoa                          
00000000  g_pfnVectors                  
00000ca1  lcd_char                      
00000c87  lcd_char_cp                   
00000c31  lcd_cmd                       
00000bb1  lcd_init                      
00000cdb  lcd_text                      
00000cbd  lcd_text_cp                   
00000679  main                          
00001669  memcpy                        
0000120f  motor_init                    
20000200  pulseTicks                    
000011d1  pushbutton_init               


GLOBAL SYMBOLS: SORTED BY Symbol Address 

address   name                          
-------   ----                          
00000000  __TI_static_base__            
00000000  g_pfnVectors                  
00000200  __STACK_SIZE                  
0000026d  EEPROM_init                   
000002d1  EEPROM_readInt                
000002ed  EEPROM_WriteInt               
00000315  EEPROM_ReadByte               
0000033f  EEPROM_WriteByte              
00000385  EEPROM_WriteString            
000003bb  EEPROM_ReadString             
000003f5  ERROR_LOG                     
00000519  EEPROM_Retrieve               
00000679  main                          
00000bb1  lcd_init                      
00000c31  lcd_cmd                       
00000c87  lcd_char_cp                   
00000ca1  lcd_char                      
00000cbd  lcd_text_cp                   
00000cdb  lcd_text                      
00000cfd  ftoa                          
00000e4d  Delay_US                      
00000e87  SysTick_Init                  
00000ea7  HCSR04_Init                   
00000f0d  GPIOPortE_Handler             
00000f7d  HCSR04_TriggerPulse           
00000fab  HCSR04_GetDistance            
000010cf  UART0_Init                    
00001119  UART0_SendByte                
00001135  UART0_SendString              
00001151  UART0_ReceiveByte             
000011d1  pushbutton_init               
0000120f  motor_init                    
0000130d  __aeabi_ddiv                  
00001445  GPIO_SetupPE2AnalogPin        
00001479  ADC0_Init                     
000014d1  ADC0_ReadSeq3                 
00001509  GetTemperature                
0000156d  __aeabi_dmul                  
00001669  __aeabi_memcpy                
00001669  __aeabi_memcpy4               
00001669  __aeabi_memcpy8               
00001669  memcpy                        
00001705  __aeabi_d2f                   
00001773  __TI_decompress_lzss          
000017dd  __TI_auto_init_nobinit_nopinit
00001821  Delay_MS                      
00001861  __aeabi_f2d                   
00001899  _c_int00_noargs               
000018cd  __aeabi_ui2d                  
000018ed  __aeabi_lmul                  
00001905  __TI_decompress_none          
00001913  ResetISR                      
0000191f  _system_pre_init              
00001923  C$$EXIT                       
00001923  abort                         
00001928  __TI_Handler_Table_Base       
00001930  __TI_Handler_Table_Limit      
00001938  __TI_CINIT_Base               
00001940  __TI_CINIT_Limit              
20000000  __stack                       
20000000  __start___llvm_prf_cnts       
20000000  __stop___llvm_prf_cnts        
20000200  __STACK_END                   
20000200  __STACK_TOP                   
20000200  pulseTicks                    
20000204  edgeCount                     
ffffffff  __TI_pprof_out_hndl           
ffffffff  __TI_prof_data_size           
ffffffff  __TI_prof_data_start          
ffffffff  __binit__                     
ffffffff  __c_args__                    
ffffffff  binit                         
UNDEFED   __mpu_init                    
UNDEFED   _system_post_cinit            

[74 symbols]
